// Jest Snapshot v1, https://goo.gl/fbAQLP

exports[`RecentContactItem.vue renders and matches snapshot 1`] = `
<div
  class="contact-list-item"
>
  <div>
    <div
      class="circle"
    />
    
    Fio
  
  </div>
</div>
`;
